Error executing job with overrides: ['+data.raw_path=/home/h61084/codes/timetensors/../datasets/electricity', '+data.path=/home/h61084/codes/timetensors/../datasets/electricity', '+data.name=electricity', '+data.config_path=/home/h61084/codes/timetensors/../datasets/electricity/config.json', '+task.lags=504', '+task.horizon=168', '+data.splits.date_splits=[0.6,0.2,0.2]', '+data.sampling.train_idx_mode=random', '+data.sampling.eval_idx_mode=all', '+data.sampling.train_stride=1', '+data.sampling.eval_stride=168', '+data.sampling.drop_train_constant_individuals=true', '+data.sampling.drop_eval_constant_individuals=true', '+training.batch_size=256', '+training.lr=1e-5', '+training.epochs=20', '+training.valid_eval_freq=10', '+training.logging_eval_freq=10', '+training.plot_step_train_loss=false', '+training.device=gpu', '+experiment.rebuild_dataset=false', '+experiment.recompute_stats=true', '+experiment.seeds=[1]', '+output.dir=/home/h61084/codes/timetensors/outputs/constants/electricity/504_168', '+output.name=patchtst_keep', '+model.name=patchtst', '+model.path=patchtst', '+normalization.name=instance', '+data.sampling.remove_train_cte=false', '+data.sampling.remove_eval_cte=false', '++data.sampling.drop_train_constant_individuals=false', '++data.sampling.drop_eval_constant_individuals=false']
Traceback (most recent call last):
  File "/home/h61084/codes/timetensors/src/scripts/experiment.py", line 178, in _hydra_main
    main(cfg)
  File "/home/h61084/codes/timetensors/src/scripts/experiment.py", line 164, in main
    return _run_config(configs[0])
           ^^^^^^^^^^^^^^^^^^^^^^^
  File "/home/h61084/codes/timetensors/src/scripts/experiment.py", line 158, in _run_config
    return run_experiment(config)
           ^^^^^^^^^^^^^^^^^^^^^^
  File "/home/h61084/codes/timetensors/src/scripts/experiment.py", line 92, in run_experiment
    train_result = train_stage(config, loaders=loaders, stats=stats)
                   ^^^^^^^^^^^^^^^^^^^^^^^^^^^^^^^^^^^^^^^^^^^^^^^^^
  File "/home/h61084/codes/timetensors/src/training/train.py", line 89, in train_stage
    loaders, stats = fetch_loaders(config)
                     ^^^^^^^^^^^^^^^^^^^^^
  File "/home/h61084/codes/timetensors/src/training/train.py", line 57, in fetch_loaders
    return fetch_training_data(
           ^^^^^^^^^^^^^^^^^^^^
  File "/home/h61084/codes/timetensors/src/dataset/dataset.py", line 3562, in fetch_training_data
    data = load_data(data_path, legacy_context_kind=legacy_context_kind)
           ^^^^^^^^^^^^^^^^^^^^^^^^^^^^^^^^^^^^^^^^^^^^^^^^^^^^^^^^^^^^^
  File "/home/h61084/codes/timetensors/src/dataset/dataset.py", line 1479, in load_data
    raise FileNotFoundError(path / f"{file_prefix}values.pt")
FileNotFoundError: /home/h61084/codes/timetensors/../datasets/electricity/values.pt

Set the environment variable HYDRA_FULL_ERROR=1 for a complete stack trace.
srun: error: dgx-a100: task 0: Exited with exit code 1
