
2026-08-06T16:22:17+02:00 benchmark workflow profile=test stages=train,tables skip_completed=true datasets=electricity settings=504_168 models=patchtst seeds=1 data_root=/home/h61084/codes/timetensors/../datasets weights_root=/home/h61084/codes/timetensors/../weights train_sampling=random batch_size=256 learning_rate=1e-5 epochs=20 valid_eval_frequency=10 logging_frequency=10 drop_train_constant_users=true drop_eval_constant_users=true

2026-08-06T16:22:17+02:00 workflow start family=constants mode=test stages=train,tables

2026-08-06T16:22:17+02:00 stage start name=train

2026-08-06T16:22:17+02:00 configuration dataset=electricity lags=504 horizon=168 method=patchtst_keep module=scripts.experiment requested_seeds=1 run_seeds=1 data_root=/home/h61084/codes/timetensors/../datasets train_sampling=random train_stride=1 eval_sampling=all eval_stride=168 batch_size=256 learning_rate=1e-5 epochs=20 rebuild_dataset=false rebuild_reason=not_needed overrides=+model.name=patchtst +model.path=patchtst +normalization.name=instance +data.sampling.remove_train_cte=false +data.sampling.remove_eval_cte=false ++data.sampling.drop_train_constant_individuals=false ++data.sampling.drop_eval_constant_individuals=false
2026-08-06 16:22:44,754 INFO [__main__] ========================================================================
2026-08-06 16:22:44,754 INFO [__main__] experiment model=patchtst out=/home/h61084/codes/timetensors/outputs/constants/electricity/504_168/patchtst_keep/seed_1 rebuild_dataset=False evaluate=True
2026-08-06 16:22:44,754 INFO [__main__] stats recompute=True
2026-08-06 16:22:44,754 INFO [__main__] dataset rebuild skipped
2026-08-06 16:22:44,754 INFO [__main__] training start
2026-08-06 16:27:15,563 INFO [training.train] device requested=gpu resolved=cuda:0 cuda=True
2026-08-06 16:27:15,564 INFO [training.train] data_shape=[504, 1, 168]
2026-08-06 16:27:15,564 INFO [training.train] Splits:
train	idx_mode=random	{'values': (312, 1, 26304), 'individual_context': None, 'global_context': None, 'sampled_individuals': 312, 'sampled_dates': 15111, 'samples': 1}
valid1	idx_mode=all	{'values': (312, 1, 26304), 'individual_context': None, 'global_context': None, 'sampled_individuals': 312, 'sampled_dates': 31, 'samples': 9672}
test1	idx_mode=all	{'values': (312, 1, 26304), 'individual_context': None, 'global_context': None, 'sampled_individuals': 312, 'sampled_dates': 31, 'samples': 9672}
2026-08-06 16:27:15,564 INFO [training.train] Batch:
 batches=train=1, valid1=38, test1=38
 inputs=[1, 1, 504]
 targets=[1, 1, 168]
 individual_context=None
 global_context=None
2026-08-06 16:27:15,573 INFO [training.train] training epochs=20 steps_per_epoch=1 total_steps=20 valid_eval_freq=10 logging_eval_freq=10
2026-08-06 16:27:39,934 INFO [training.train] step=10 train_batch={'nmse': 1.3692315697669983}
2026-08-06 16:27:40,634 INFO [training.train] step=10 valid[valid1]={'mse': 1.2879407984034055, 'nmse': 1.2879407984034055, 'mae': 0.8993389975996925, 'nmae': 0.8993389975996925, 'relative_mse': 0.20180171969707986}
2026-08-06 16:27:40,692 INFO [training.train] step=20 train_batch={'nmse': 2.1815597653388976}
2026-08-06 16:27:41,307 INFO [training.train] step=20 valid[valid1]={'mse': 1.2288948367695534, 'nmse': 1.2288948367695534, 'mae': 0.8684391209691267, 'nmae': 0.8684391209691267, 'relative_mse': 0.19387076439959466}
2026-08-06 16:27:41,307 INFO [training.train] training_done steps=20 seconds=25.73
2026-08-06 16:27:45,834 INFO [__main__] saved criterion_loss=criterion_loss.pdf
2026-08-06 16:27:45,834 INFO [__main__] training done
2026-08-06 16:27:45,834 INFO [__main__] evaluation start
2026-08-06 16:27:49,208 INFO [__main__] evaluation done
2026-08-06 16:27:49,209 INFO [__main__] experiment done seconds=304.46
2026-08-06 16:27:49,209 INFO [__main__] ========================================================================

2026-08-06T16:27:50+02:00 configuration dataset=electricity lags=504 horizon=168 method=patchtst_remove_all_windows module=scripts.experiment requested_seeds=1 run_seeds=1 data_root=/home/h61084/codes/timetensors/../datasets train_sampling=random train_stride=1 eval_sampling=all eval_stride=168 batch_size=256 learning_rate=1e-5 epochs=20 rebuild_dataset=false rebuild_reason=not_needed overrides=+model.name=patchtst +model.path=patchtst +normalization.name=instance +data.sampling.remove_train_cte=true +data.sampling.remove_eval_cte=true ++data.sampling.drop_train_constant_individuals=false ++data.sampling.drop_eval_constant_individuals=false
2026-08-06 16:27:55,831 INFO [__main__] ========================================================================
2026-08-06 16:27:55,831 INFO [__main__] experiment model=patchtst out=/home/h61084/codes/timetensors/outputs/constants/electricity/504_168/patchtst_remove_all_windows/seed_1 rebuild_dataset=False evaluate=True
2026-08-06 16:27:55,831 INFO [__main__] stats recompute=True
2026-08-06 16:27:55,831 INFO [__main__] dataset rebuild skipped
2026-08-06 16:27:55,831 INFO [__main__] training start
2026-08-06 16:40:13,859 INFO [training.train] device requested=gpu resolved=cuda:0 cuda=True
2026-08-06 16:40:13,870 INFO [training.train] data_shape=[504, 1, 168]
2026-08-06 16:40:13,870 INFO [training.train] Splits:
train	idx_mode=random	{'values': (312, 1, 26304), 'individual_context': None, 'global_context': None, 'sampled_individuals': 312, 'sampled_dates': 15111, 'samples': 1}
valid1	idx_mode=all	{'values': (312, 1, 26304), 'individual_context': None, 'global_context': None, 'sampled_individuals': 312, 'sampled_dates': 31, 'samples': 9672}
test1	idx_mode=all	{'values': (312, 1, 26304), 'individual_context': None, 'global_context': None, 'sampled_individuals': 312, 'sampled_dates': 31, 'samples': 9672}
2026-08-06 16:40:13,870 INFO [training.train] Batch:
 batches=train=1, valid1=38, test1=38
 inputs=[1, 1, 504]
 targets=[1, 1, 168]
 individual_context=None
 global_context=None
2026-08-06 16:40:13,877 INFO [training.train] training epochs=20 steps_per_epoch=1 total_steps=20 valid_eval_freq=10 logging_eval_freq=10
2026-08-06 16:40:17,224 INFO [training.train] step=10 train_batch={'nmse': 1.3692315697669983}
2026-08-06 16:40:18,128 INFO [training.train] step=10 valid[valid1]={'mse': 1.2879407984034055, 'nmse': 1.2879407984034055, 'mae': 0.8993389975996925, 'nmae': 0.8993389975996925, 'relative_mse': 0.20180171969707986}
2026-08-06 16:40:18,276 INFO [training.train] step=20 train_batch={'nmse': 2.1815597653388976}
2026-08-06 16:40:19,165 INFO [training.train] step=20 valid[valid1]={'mse': 1.2288948367695534, 'nmse': 1.2288948367695534, 'mae': 0.8684391209691267, 'nmae': 0.8684391209691267, 'relative_mse': 0.19387076439959466}
2026-08-06 16:40:19,166 INFO [training.train] training_done steps=20 seconds=5.29
2026-08-06 16:40:19,737 INFO [__main__] saved criterion_loss=criterion_loss.pdf
2026-08-06 16:40:19,738 INFO [__main__] training done
2026-08-06 16:40:19,738 INFO [__main__] evaluation start
2026-08-06 16:40:24,624 INFO [__main__] evaluation done
2026-08-06 16:40:24,625 INFO [__main__] experiment done seconds=748.80
2026-08-06 16:40:24,625 INFO [__main__] ========================================================================

2026-08-06T16:40:25+02:00 configuration dataset=electricity lags=504 horizon=168 method=patchtst_drop_all_users module=scripts.experiment requested_seeds=1 run_seeds=1 data_root=/home/h61084/codes/timetensors/../datasets train_sampling=random train_stride=1 eval_sampling=all eval_stride=168 batch_size=256 learning_rate=1e-5 epochs=20 rebuild_dataset=false rebuild_reason=not_needed overrides=+model.name=patchtst +model.path=patchtst +normalization.name=instance +data.sampling.remove_train_cte=false +data.sampling.remove_eval_cte=false ++data.sampling.drop_train_constant_individuals=true ++data.sampling.drop_eval_constant_individuals=true
2026-08-06 16:40:31,445 INFO [__main__] ========================================================================
2026-08-06 16:40:31,445 INFO [__main__] experiment model=patchtst out=/home/h61084/codes/timetensors/outputs/constants/electricity/504_168/patchtst_drop_all_users/seed_1 rebuild_dataset=False evaluate=True
2026-08-06 16:40:31,445 INFO [__main__] stats recompute=True
2026-08-06 16:40:31,445 INFO [__main__] dataset rebuild skipped
2026-08-06 16:40:31,445 INFO [__main__] training start
2026-08-06 16:45:22,448 INFO [training.train] device requested=gpu resolved=cuda:0 cuda=True
2026-08-06 16:45:22,449 INFO [training.train] data_shape=[504, 1, 168]
2026-08-06 16:45:22,450 INFO [training.train] Splits:
train	idx_mode=random	{'values': (312, 1, 26304), 'individual_context': None, 'global_context': None, 'sampled_individuals': 312, 'sampled_dates': 15111, 'samples': 1}
valid1	idx_mode=all	{'values': (312, 1, 26304), 'individual_context': None, 'global_context': None, 'sampled_individuals': 312, 'sampled_dates': 31, 'samples': 9672}
test1	idx_mode=all	{'values': (312, 1, 26304), 'individual_context': None, 'global_context': None, 'sampled_individuals': 312, 'sampled_dates': 31, 'samples': 9672}
2026-08-06 16:45:22,450 INFO [training.train] Batch:
 batches=train=1, valid1=38, test1=38
 inputs=[1, 1, 504]
 targets=[1, 1, 168]
 individual_context=None
 global_context=None
2026-08-06 16:45:22,457 INFO [training.train] training epochs=20 steps_per_epoch=1 total_steps=20 valid_eval_freq=10 logging_eval_freq=10
2026-08-06 16:45:25,697 INFO [training.train] step=10 train_batch={'nmse': 1.3692315697669983}
2026-08-06 16:45:26,308 INFO [training.train] step=10 valid[valid1]={'mse': 1.2879407984034055, 'nmse': 1.2879407984034055, 'mae': 0.8993389975996925, 'nmae': 0.8993389975996925, 'relative_mse': 0.20180171969707986}
2026-08-06 16:45:26,370 INFO [training.train] step=20 train_batch={'nmse': 2.1815597653388976}
2026-08-06 16:45:26,971 INFO [training.train] step=20 valid[valid1]={'mse': 1.2288948367695534, 'nmse': 1.2288948367695534, 'mae': 0.8684391209691267, 'nmae': 0.8684391209691267, 'relative_mse': 0.19387076439959466}
2026-08-06 16:45:26,971 INFO [training.train] training_done steps=20 seconds=4.51
2026-08-06 16:45:27,533 INFO [__main__] saved criterion_loss=criterion_loss.pdf
2026-08-06 16:45:27,533 INFO [__main__] training done
2026-08-06 16:45:27,533 INFO [__main__] evaluation start
2026-08-06 16:45:30,753 INFO [__main__] evaluation done
2026-08-06 16:45:30,753 INFO [__main__] experiment done seconds=299.32
2026-08-06 16:45:30,753 INFO [__main__] ========================================================================

2026-08-06T16:45:31+02:00 stage done name=train

2026-08-06T16:45:31+02:00 stage start name=tables

2026-08-06T16:45:31+02:00 table model=patchtst metric=mse methods=patchtst_keep,patchtst_remove_all_windows,patchtst_drop_all_users output=/home/h61084/codes/timetensors/outputs/constants/results_patchtst_mse.tex

2026-08-06T16:45:42+02:00 stage done name=tables

2026-08-06T16:45:42+02:00 workflow done family=constants output=/home/h61084/codes/timetensors/outputs/constants
